[www.crunch.com/index.html]
[backblue.gif]
[fade.gif]
[index.html]
[cdn.cookielaw.org/scripttemplates/otSDKStub.js]
[www.crunch.com/apple-touch-icon-57x57.png]
[www.crunch.com/apple-touch-icon-114x114.png]
[www.crunch.com/apple-touch-icon-72x72.png]
[www.crunch.com/apple-touch-icon-144x144.png]
[www.crunch.com/apple-touch-icon-60x60.png]
[www.crunch.com/apple-touch-icon-120x120.png]
[www.crunch.com/apple-touch-icon-76x76.png]
[www.crunch.com/apple-touch-icon-152x152.png]
[www.crunch.com/favicon-196x196.png]
[www.crunch.com/favicon-96x96.png]
[www.crunch.com/favicon-32x32.png]
[www.crunch.com/favicon-16x16.png]
[www.crunch.com/favicon-128.png]
[dj7w0h47bhjwk.cloudfront.net/assets/application-7bc082a2834b647fea74db918cb5c53ac8b050dd36759c8eee105d69efb514bc.css]
[dj7w0h47bhjwk.cloudfront.net/assets/application-95a2c452147b538ba56c16616ce7bc22481191e0975dfe67bbee9c5bb4f4a815.js]
[www.google-analytics.com/analytics.js]
[www.crunch.com/about.html]
[www.crunch.com/franchise.html]
[dj7w0h47bhjwk.cloudfront.net/assets/core/flags/en-29a0da40e189bedbab5cc65b3c2cc359198595917346f5dc9dd9a2e16969f0f7.png]
[dj7w0h47bhjwk.cloudfront.net/assets/core/flags/en-AU-09370ab7034088c89569106f37334f55d2ec627da870aaf06c5168325918f9b5.png]
[dj7w0h47bhjwk.cloudfront.net/assets/core/flags/en-CA-339b1874b63356e5ab6150175e919e8c99498e43b27587b271b47309ceb083c1.png]
[dj7w0h47bhjwk.cloudfront.net/assets/core/flags/es-cr-1681dfed94ce0874c9ea8d3425199cb436d77845ddd8f48b6c856a1577f24991.png]
[dj7w0h47bhjwk.cloudfront.net/assets/core/flags/es-7f001482d4eb125f8329ee57ed7b88748e3198132484d4f268c49e29be97df84.png]
[www.crunch.com/index7038.html]
[dj7w0h47bhjwk.cloudfront.net/assets/core/flags/pt-0b92db5cd97d094bac4138386838d2f5386bd3379db953e251078ce9887d93de.png]
[www.crunch.com/join]
[www.crunch.com/locations.html]
[www.crunch.com/index7c8d.html]
[www.crunch.com/index7ae9.html]
[www.crunch.com/classes.html]
[www.crunch.com/training.html]
[www.crunch.com/faq.html]
[www.crunch.com/careers.html]
[www.crunch.com/corporate-memberships.html]
[www.crunch.com/terms-of-use.html]
[www.crunch.com/privacy-policy.html]
[dj7w0h47bhjwk.cloudfront.net/assets/logo--loader-7da27c2fc5ddebd0adcc65c1b553e2664ed64c73976e7c2f492cf55905df844c.gif]
[no-cache.hubspot.com/cta/default/2540257/d48f685c-75ba-4881-a16c-2a2b5d10459a.jpg]
[js.hscta.net/cta/current.js]
[dj7w0h47bhjwk.cloudfront.net/assets/placeholder-21ea96ed7132f48e04fc0828fd79ddc9c6c0f74e53e4ff6d694fc37b8c2a7d9a.jpg]
[dj7w0h47bhjwk.cloudfront.net/assets/home-carousel/crunchism--group-fitness-studios-ff87f5b0e0afa651926e0e8e1b9162d7085344011b3618c19250cfeea229b0c9.jpg]
[dj7w0h47bhjwk.cloudfront.net/assets/home-carousel/crunchism--things-to-lift-8e80bf7f4a4cb4889c3a827fe17b7fb36b4dce5510504a67449178e1c8f03176.jpg]
[dj7w0h47bhjwk.cloudfront.net/assets/home-carousel/crunchism--miles-of-cardio-3377a9655541e761339a712d54fe51e6eab051aa03772c8c72c152f123aa5ef8.jpg]
[dj7w0h47bhjwk.cloudfront.net/assets/home-carousel/crunchism--people-who-care-3abb848a7e85ac53c3a0a9e975de61a434f9f3a36f47fd66dbc11f889f9a065e.jpg]
[dj7w0h47bhjwk.cloudfront.net/assets/home-carousel/crunchism--sparkling-clean-8ec04a1f9c5081b9819284088f0925532e0049fefef4ad93b9332cad899e1a5c.jpg]
[dj7w0h47bhjwk.cloudfront.net/assets/illustration--positivity-light-93e6eaa31ffe5bf8c0f80e0a7f15f90c64f6a82737a11e6b2a510500e137c016.png]
[dj7w0h47bhjwk.cloudfront.net/assets/illustration--inclusivity-light-09aff2bed351817c782bd57695ad13ffd31e2b5f6a311c4169e92c087bd1aa95.png]
[dj7w0h47bhjwk.cloudfront.net/assets/illustration--fun-light-1ab8ad2a8f2e1c05f1b5191853e02fb11e9e7f9eab61cc560b2a9eec0cf8a9ef.png]
[dj7w0h47bhjwk.cloudfront.net/assets/home-grid/class--chisel-it-d8e7999396170b4808d443476a3cae4e5ce3a5ef012cdb44e2eb9c16a0102ce7.jpg]
[dj7w0h47bhjwk.cloudfront.net/assets/home-grid/class--ride-21a3d3921242a4b7ccecd4d524285d8ea707c929fa74cef5f073bcdd7ae4c796.jpg]
[dj7w0h47bhjwk.cloudfront.net/assets/home-grid/class--mind-body-burn-5d7798f4909d0c6719a049694b0a56d1cff9865f67b7822bc540ef67a2653a00.jpg]
[dj7w0h47bhjwk.cloudfront.net/assets/home-grid/class--cardio-dance-rhythms-b05622d78ae72f448d11ed3a99658249eaa2d1e381245546de5eb652679842c9.jpg]
[dj7w0h47bhjwk.cloudfront.net/assets/home-grid/class--action-sports-a3e1f48b852c0879bcb766e4c480fa0bab4ab47edf25508ce7a1ab89beaed95d.jpg]
[dj7w0h47bhjwk.cloudfront.net/assets/home-grid/class--something-different-0f0da8f49e2269610a37271f2d1d69329d50362a2187bebf0bd241525552f76b.jpg]
[www.crunch.com/index.html]
[dj7w0h47bhjwk.cloudfront.net/assets/2bca32fb-468f-4060-8c61-a17f394cb1d6-f4a729c1d360cf90ac8c6b5d749cce2ab8655bd81429e15f2bbe7b4134c4a761d41d.eot]
[dj7w0h47bhjwk.cloudfront.net/assets/2bca32fb-468f-4060-8c61-a17f394cb1d6-b8891e71b1473ff9980ef336791c7a8f9accf30d5198dba72837864ee406cfd4.woff2]
[dj7w0h47bhjwk.cloudfront.net/assets/2bca32fb-468f-4060-8c61-a17f394cb1d6-c73fb8f3ace9a7d43d1fe3ad14673ceed17ee90efb3445f3b0220805ee7a1061.woff]
[dj7w0h47bhjwk.cloudfront.net/assets/2bca32fb-468f-4060-8c61-a17f394cb1d6-ea2887f923d0854d7d91a5de78e879cf8c0306178631d7e3243e98f0449f8c03.ttf]
[dj7w0h47bhjwk.cloudfront.net/assets/656c1288-e1ff-44de-ad5d-de03c2e608f4-bad15531b23a96518c20f4f586b3e737c9c6de2d50d6a3ab23be2a9612792e3dd41d.eot]
[dj7w0h47bhjwk.cloudfront.net/assets/656c1288-e1ff-44de-ad5d-de03c2e608f4-1f75d7403ca4d121da9c650f673e297f627252bc2852496c90910ba82a31f1b8.woff2]
[dj7w0h47bhjwk.cloudfront.net/assets/656c1288-e1ff-44de-ad5d-de03c2e608f4-809501d688d53a1f979b9e6fdb22456677212115486ac65ec45cc352ba1e3929.woff]
[dj7w0h47bhjwk.cloudfront.net/assets/656c1288-e1ff-44de-ad5d-de03c2e608f4-26da04db9ee7199ac13aa2da4f4546dc8ae18107a2bbb89a4ee3bd491dceebd4.ttf]
[dj7w0h47bhjwk.cloudfront.net/assets/Interstate-RegularCondensed-e559e7206684b888570c6ece31c98b914f2dac7362f3f2ca8f9abafdbe0f2b9fd41d.eot]
[dj7w0h47bhjwk.cloudfront.net/assets/Interstate-RegularCondensed-cd1f3f683bb8f56d8af9dc93ee679ffb287c857c7e4d78d3c35cb4122eb9b04f.woff2]
[dj7w0h47bhjwk.cloudfront.net/assets/Interstate-RegularCondensed-810699a9b0c81f64d3f0ab17b990b3c662f8bbcf9c162836f87c3afd23c0b10d.woff]
[dj7w0h47bhjwk.cloudfront.net/assets/Interstate-RegularCondensed-09eac26c3116475112ea1a56cb5f2a1a58ce86278dd97243e2c2ee830f482270.ttf]
[dj7w0h47bhjwk.cloudfront.net/assets/Interstate-RegularCondensed-5d49866634458a6a174c1ff065bd8ddb61b43aa3e74be18b2c6f744e6977bab0.svg]
[dj7w0h47bhjwk.cloudfront.net/assets/Interstate-Black-985e23630fc11f3d47dd10605b1a335b98c941ed959beb3b4dd1b243bb011d91d41d.eot]
[dj7w0h47bhjwk.cloudfront.net/assets/Interstate-Black-9da5bdefc30b86af8bb6c298bf2d475beee3d63d0c0324a618aef5dcdd53b843.woff2]
[dj7w0h47bhjwk.cloudfront.net/assets/Interstate-Black-b8eb7a7ef6aedebb23df18de8ed6d59a70d336ac33a16908b5a639570bd412e9.woff]
[dj7w0h47bhjwk.cloudfront.net/assets/Interstate-Black-a8b8b9d90759a012232520952b016c0511cfcf94e7133f7c99d8676d1f949678.ttf]
[dj7w0h47bhjwk.cloudfront.net/assets/Interstate-Black-3e8580d66b70891137b7ce1352b7ecffe8d8948424265502598cdf2b611cc48d.svg]
[dj7w0h47bhjwk.cloudfront.net/assets/0fb5ad30-29ea-431c-82dd-a74af0806ba7-379817fca42fbdb54b332683edd7994de01eb90a4c7b298762d48715a985aaefd41d.eot]
[dj7w0h47bhjwk.cloudfront.net/assets/0fb5ad30-29ea-431c-82dd-a74af0806ba7-577758f7db1fa71ddce807c084f8104a814e4e519f921e071d2799afdc5735fb.woff2]
[dj7w0h47bhjwk.cloudfront.net/assets/0fb5ad30-29ea-431c-82dd-a74af0806ba7-7b3d5ddf585167ae0b07e09c454da4cc236fbfcd63f1aad8a9ead296177fdcdc.woff]
[dj7w0h47bhjwk.cloudfront.net/assets/0fb5ad30-29ea-431c-82dd-a74af0806ba7-a1b5f970169679ef6b6b3481ed0ff789149e2707f9bf0e5f173f4d08976eb2a3.ttf]
[dj7w0h47bhjwk.cloudfront.net/assets/735904fd-b40a-4784-b615-3ae74ab3c145-b50d43c2c437d2b6ba8c407df5388bfd546ef04ebd16c0036a0fdfa09bd7ce6cd41d.eot]
[dj7w0h47bhjwk.cloudfront.net/assets/735904fd-b40a-4784-b615-3ae74ab3c145-4540d06525600b6a417d0b4047d2c1a8f13a18a76c92409c3fd28e0cb33d23f2.woff2]
[dj7w0h47bhjwk.cloudfront.net/assets/735904fd-b40a-4784-b615-3ae74ab3c145-53c4098dd098387fba5b0f7ed764545f57f884ba0dc77769a52aae0be609361f.woff]
[dj7w0h47bhjwk.cloudfront.net/assets/735904fd-b40a-4784-b615-3ae74ab3c145-6495441670c55798e7895ddf115fc85c8e7cc82084281e944e8c79c0b97b44a0.ttf]
[dj7w0h47bhjwk.cloudfront.net/assets/c9fb826e-68fd-419e-bd53-119ad471c4de-167913ed63248139045ab670b9c2f6e0cc6cde2e036465e014cdab7f3e99dde5d41d.eot]
[dj7w0h47bhjwk.cloudfront.net/assets/c9fb826e-68fd-419e-bd53-119ad471c4de-0d7ded0ba67e5c5ea5378b1e358c5e24302d58983bd10a98a6bc7e49eac6e71b.woff2]
[dj7w0h47bhjwk.cloudfront.net/assets/c9fb826e-68fd-419e-bd53-119ad471c4de-71c330ab60aacbf7614e2f7b80a9fd60b6c65edb486c2bf0227763356d8aa9d1.woff]
[dj7w0h47bhjwk.cloudfront.net/assets/c9fb826e-68fd-419e-bd53-119ad471c4de-2990bd0cc3d248165abbfc3b099f950677e13779d27b8675e4ab497bab90b993.ttf]
[dj7w0h47bhjwk.cloudfront.net/assets/icomoon-9a513679f10f50622a4da2e8fcaae06bf24daea1b1eda17c70f3129d1be9f0cdd41d.eot]
[dj7w0h47bhjwk.cloudfront.net/assets/icomoon-b972dbf72bfad0cbfe9b7e2b8b6a55bf4d06f560075b97f449426a7324911747.woff]
[dj7w0h47bhjwk.cloudfront.net/assets/icomoon-a4dc738a7529136022a87059ace443231c191ce8d442967ea39dd47570ec6894.ttf]
[dj7w0h47bhjwk.cloudfront.net/assets/border--dot-34d2305ec9cd0f7eba0f4f46bc01775f3baafa4bd4165a58bae3b536b1876c3b.png]
[dj7w0h47bhjwk.cloudfront.net/assets/border--dot-gray-f09e6132cdbca0b2b1cca50ba2eb87e4d3fc7ea900f66a90ae48a3c741d04a7a.png]
[dj7w0h47bhjwk.cloudfront.net/assets/icomoon-07164337da4c0fbb4af0fb2b1dfea8e34c21681995e8c93d1da2610bf0e78f13.svg]
[dj7w0h47bhjwk.cloudfront.net/assets/border--dot-red-ba06549b52b355c1a393cbb149a5b8e09eadb15fbdbb88b78434b801164694ac.png]
[dj7w0h47bhjwk.cloudfront.net/assets/border--dot-white-2fa3a051ccc3936fca9f9fa8c6ba92959b396104aa350b6e4752159f207e8a7c.png]
[dj7w0h47bhjwk.cloudfront.net/assets/black--loader-fa53ba67df373f9ce9fd6b0a6d183aa93cb3057b025d4a23a4d4b0841d61e1ad.gif]
[dj7w0h47bhjwk.cloudfront.net/assets/clock-62fc60ecc5af287ec303a35f8580704d33b8f6e7bd00712740269ad115ac36bb.svg]
[dj7w0h47bhjwk.cloudfront.net/assets/application-7bc082a2834b647fea74db918cb5c53ac8b050dd36759c8eee105d69efb514bc.css]
[www.googletagmanager.com/gtm5445.html]
[www.crunch.com/about.657038.delayed]
[www.crunch.com/about7ae9]
[www.crunch.com/es/quienes-somos.html]
[www.crunch.com/about7c8d]
[www.crunch.com/es-cr/quienes-somos.html]
[dj7w0h47bhjwk.cloudfront.net/assets/hero--about-07090f76d3b6865185df4290265ef14476401f6f098a0592f60a6092d718b56b.jpg]
[dj7w0h47bhjwk.cloudfront.net/assets/about/about--why-we-do-what-we-do-0fcc352ee88dd2b5166e2b40ee88768ce42e82acb5aa655bc20c7054836203e5.jpg]
[dj7w0h47bhjwk.cloudfront.net/assets/about/about--crunch-fitness-a12ca6a1cedfa017082900917ae8de69256e9af0c050790d3c1303b7a5f14a15.jpg]
[dj7w0h47bhjwk.cloudfront.net/assets/about/about--crunch-signature-d65a493abeae962bd8cebcf9c7e7f7444d1b063344c161a1523a0c99f79b0af5.jpg]
[www.crunch.com/about.html]
[www.crunch.com/franchise/contact.html]
[www.crunch.com/franchise/real-estate.html]
[www.crunch.com/franchise/news.html]
[www.crunch.com/franchise/faq.html]
[www.crunch.com/franchise7038]
[www.crunch.com/franchise7ae9]
[www.crunch.com/es/franquicia.html]
[www.crunch.com/franchise.787c8d.delayed]
[www.crunch.com/es-cr/franquicia.html]
[dj7w0h47bhjwk.cloudfront.net/assets/F500-Fastest-2022-1de4c2352fef790bdc27f00861dbdc944b49d1deef26479a240b592f6108305b.png]
[dj7w0h47bhjwk.cloudfront.net/assets/F500-Global-2022-893d59608a19dfcd6173264b6f7b806182e5b056a5913895a4aba91f51246fdc.png]
[dj7w0h47bhjwk.cloudfront.net/assets/franchise-timeline/marketing-and-promotions-c262923ad8ec52dc74b5d6b7e4ae1ef1343ad31de8cc917898d290503ae10972.jpg]
[dj7w0h47bhjwk.cloudfront.net/assets/franchise-timeline/high-value-low-price-9b26230b29db6538f2b9898faff2bdf8334a1c643828616cd0b6f130f106e4f0.jpg]
[dj7w0h47bhjwk.cloudfront.net/assets/franchise-timeline/loyalty-3b9a54e033668fe6f59b2ea3ebc4225a6e6004a9b613551567b6d65f066a1f9f.jpg]
[dj7w0h47bhjwk.cloudfront.net/assets/franchise-photo-carousel/franchise-carousel-17-941accd796c8436651bca4723818df155cd7466feadbb052017073c871ab0cef.jpg]
[dj7w0h47bhjwk.cloudfront.net/assets/franchise-photo-carousel/franchise-carousel-28-212b7cd54940a1548d90d124d41918efd0644691a4f09f2ac52b3c6f530f1f8d.jpg]
[dj7w0h47bhjwk.cloudfront.net/assets/franchise-photo-carousel/franchise-carousel-18-571d9341e836b26a875f230137d7a1cc0914760308655dedba267a4eb0d03d73.jpg]
[dj7w0h47bhjwk.cloudfront.net/assets/franchise-photo-carousel/franchise-carousel-19-6f25baf76002e65d8ca6f67188cb6e4a2418379c09d6d26df7417aaea92253fa.jpg]
[dj7w0h47bhjwk.cloudfront.net/assets/franchise-photo-carousel/franchise-carousel-20-15cfbbaf907e4de1790a8d813b086242fd6b89da1f73c5e628747153831738f0.jpg]
[dj7w0h47bhjwk.cloudfront.net/assets/franchise-photo-carousel/franchise-carousel-21-b8d9a6b6e3792076c79d50f6111846f2e8a9069740db0b2654e2a17b9e76cba4.jpg]
[dj7w0h47bhjwk.cloudfront.net/assets/franchise-photo-carousel/franchise-carousel-22-080728c3d41f6930d2a763fb2ea5a336694b513e37340245d2b53abc14fb1bfe.jpg]
[dj7w0h47bhjwk.cloudfront.net/assets/franchise-photo-carousel/franchise-carousel-23-54bb79483a9ebf9f7e0d9c2f00343c46bdd27a8e3fd0069e548cb034e5125527.jpg]
[dj7w0h47bhjwk.cloudfront.net/assets/franchise-photo-carousel/franchise-carousel-24-a0de948ee57049864403954f5adc0edf505b2ccbce08ad36f68cd846d0cc5027.jpg]
[dj7w0h47bhjwk.cloudfront.net/assets/franchise-photo-carousel/franchise-carousel-25-9b7fb035639c291b2bad358d555e5fd855e106b39bd155fe4981a34f76b81a46.jpg]
[dj7w0h47bhjwk.cloudfront.net/assets/franchise-photo-carousel/franchise-carousel-26-2bc5c6d98c054b5b0b9722158580396a5b65dfa0e2fcc5f533050febf7bbfa5c.jpg]
[dj7w0h47bhjwk.cloudfront.net/assets/franchise-photo-carousel/franchise-carousel-27-fd2e10b7945b43f9dfcc102907b4689bfaf66f27a2e4d757103266c9b4bb289d.jpg]
[dj7w0h47bhjwk.cloudfront.net/assets/map-57b5bebfe06acb2923c628948c598afa956877a03d831edf28826eae584773cc.png]
[dj7w0h47bhjwk.cloudfront.net/assets/team-bios/midgely-7a703a163bbb593e7adda0e82ce4daf2b848e801fac3edc6830f1b2e816ff4bf.jpg]
[dj7w0h47bhjwk.cloudfront.net/assets/team-bios/pepin-donat-ebaeb633a777fd201da4f68eaee25c1e2d736dbc3ce81623c8194405d87f95a3.jpg]
[dj7w0h47bhjwk.cloudfront.net/assets/team-bios/waetzig-dbd72a838d8767094b0de27e19121cdf5a85172621ab8cd93a35fedaf004ff3f.jpg]
[dj7w0h47bhjwk.cloudfront.net/assets/team-bios/blouin-3afac5acc86ec3dbf8fe1bd4f0344a5f72de6797d24c57d33d158798a1346fe8.jpg]
[dj7w0h47bhjwk.cloudfront.net/assets/team-bios/renfroe-c2b8cdb75509a89e090e0bcec61edcf6084918a013f8f437bc543ea889b20202.jpg]
[dj7w0h47bhjwk.cloudfront.net/assets/team-bios/tim_welsh-a53e4643b82745a6073ef38d738f40152a3a65124e09921b7b3909ca85e41179.png]
[dj7w0h47bhjwk.cloudfront.net/assets/team-bios/Ron_Alterio-8e5312b18c35d14dbbf7d21da92ebb95deaaafc233f0b3b652da08c3835bfb8c.jpg]
[dj7w0h47bhjwk.cloudfront.net/assets/team-bios/bartlett-edf4adad7a9c955fe6cf5ff428eb8422f818c5cdc396ab65576aa2e83e533bad.jpg]
[dj7w0h47bhjwk.cloudfront.net/assets/team-bios/morris-e97b7e56bcb45d5f685fe154ecf4468cd61296682b6ff37b6f6b1d6b1626b919.jpg]
[dj7w0h47bhjwk.cloudfront.net/assets/team-bios/saul-4e8624f9dd11f9e62635ba06ec1ff84a3cf85d27e056e14439c6efd093d42e74.jpg]
[dj7w0h47bhjwk.cloudfront.net/assets/team-bios/kate_weis-7348f5c3b17e99e81a3041caa34645e67e38eef2df4f2ce025b90ba55361e264.png]
[dj7w0h47bhjwk.cloudfront.net/assets/team-bios/Laura_Altieri-78deb0597d60f3aa04d34173ead35c84ee9cd48d3be4e5c59c75a31fb9bad33c.png]
[dj7w0h47bhjwk.cloudfront.net/assets/team-bios/Liz_Eggert-ab8ef9eeaa0042f4e9941b0a396715e9ea3248fd21c7cd91ca32f5238ecfc2b5.jpg]
[dj7w0h47bhjwk.cloudfront.net/assets/team-bios/Terry_Merriett-31e429ff24019d073eba15e9689745df1438c5eb7db1c22999d46ef7c4b429de.jpg]
[dj7w0h47bhjwk.cloudfront.net/assets/team-bios/merrion-05d4db8305539b29577b99eb74f63cfddfc03a6b4944bae9789408a8362cf03f.jpg]
[dj7w0h47bhjwk.cloudfront.net/assets/team-bios/Luis_Vega-ab91c90f986474b007aeafe38671fbff954654c833ef096754eea2201249df8f.png]
[dj7w0h47bhjwk.cloudfront.net/assets/team-bios/Michele_Bastos-6d2388678df803c9017651b96f25e4b571299fa212ce6843a49549675fa2dbc3.png]
[dj7w0h47bhjwk.cloudfront.net/assets/team-bios/Kevin_Fraser-ab2a2fc4a73d6a2ddf19b927c8d2fb16410bef74d81d8c1e7fbdfab4bb376c92.jpg]
[dj7w0h47bhjwk.cloudfront.net/assets/team-bios/Kendell_Hogan-06c096e5793b16892ccd49a21f3bb7e2e036e4d1619e6870578043569cffe4b7.png]
[dj7w0h47bhjwk.cloudfront.net/assets/team-bios/karass-dda18f1559d25463840fa0fee83a08d1bf27211225ecc858a15099586882a47c.jpg]
[dj7w0h47bhjwk.cloudfront.net/assets/team-bios/Percy_Reynolds-b27b1e1514d85080f2b525100087bfbba9eedfd379389baa0c4a5d1cdb8492e0.png]
[dj7w0h47bhjwk.cloudfront.net/assets/franchise-process-carousel/fiscal-requirements-0c930cfae38e4ff2d7fd07b91bd27e1a3d4573b910833da04a45f034a4511dd1.jpg]
[dj7w0h47bhjwk.cloudfront.net/assets/fiscal-requirements-03952294ace9410259fc66fa7027acbe1de13429d93d235a59571b3c4b0f1354.png]
[dj7w0h47bhjwk.cloudfront.net/assets/site-selection-3c4944d5bbe2081a998b74fbd716d8d25c4b9d8acc817149d531ab6d79010ac3.png]
[dj7w0h47bhjwk.cloudfront.net/assets/franchise-process-carousel/site-selection-3f81954cf203e230a9fc37a5fbb172fb31b73f13f51870f298dd6005fdbde53b.jpg]
[dj7w0h47bhjwk.cloudfront.net/assets/franchise-process-carousel/financing-options-5e7cace3f0f995c38f9ed58e034001f6b1ce2bcf813f627eb0d3cd9cf977875e.jpg]
[dj7w0h47bhjwk.cloudfront.net/assets/financing-options-4caa94e2af862f3af4efd2da35f6e9da3fc21c98ecf02f9e51e5b66b2b1da184.png]
[dj7w0h47bhjwk.cloudfront.net/assets/design-construction-aa60895461055e2fb364bcbad2847038ee233df03cef095883e74d047bb8a4dc.png]
[dj7w0h47bhjwk.cloudfront.net/assets/franchise-process-carousel/design-and-construction-ae1c7db77b44f97dff12fd3b9b39c4b1bfd9c6c6b127d1287d2c23669bf88946.jpg]
[dj7w0h47bhjwk.cloudfront.net/assets/franchise-process-carousel/training-and-development-b9ffc6c9d56073a1cbd195b33c53a31ee4ef63154cd6624661b9750b3864ac70.jpg]
[dj7w0h47bhjwk.cloudfront.net/assets/training-development-605dd0cb8d84107fe611993232f6b06857202f9d40ce72c1af649124a9f1a6fc.png]
[dj7w0h47bhjwk.cloudfront.net/assets/ongoing-support-ce13e84586b5091508da6d4aa79f9b87fe8b57a85652c365a0a13e2eea0e9308.png]
[dj7w0h47bhjwk.cloudfront.net/assets/franchise-process-carousel/operations-support-0627fc2f00d8879f37dfd959f9da9100d69207826545604b934dbed57cfc0670.jpg]
[js.hs-scripts.com/5041502.js]
[www.crunch.com/franchise.html]
[dj7w0h47bhjwk.cloudfront.net/assets/vet-fran-logo-587bcad16fcd9c54288aeb0f5d57a6ba6a7d7a0513daf116a4c3f2c29d0c4aa3.png]
[www.crunch.com/index7038.html]
[www.crunch.com/es.html]
[www.crunch.com/index7ae9.html]
[www.crunch.com/es-cr.html]
[www.crunch.com/index7c8d.html]
[www.crunch.com/locations7038]
[www.crunch.com/locations7ae9]
[www.crunch.com/es/ubicaciones.html]
[www.crunch.com/locations.b47c8d.delayed]
[www.crunch.com/es-cr/locales.html]
[www.crunch.com/locations7038]
[www.crunch.com/locations.html]
[dj7w0h47bhjwk.cloudfront.net/assets/checkout-c0354078f1903c131cde7100be160af10273e33e17b3a0fbd5096aa150b2ed66.js]
[www.crunch.com/classes7038]
[www.crunch.com/classes7ae9]
[www.crunch.com/es/clases.html]
[www.crunch.com/classes7c8d]
[www.crunch.com/es-cr/clases.html]
[www.crunch.com/classes7038]
[www.crunch.com/classes.html]
[dj7w0h47bhjwk.cloudfront.net/assets/class-manager-865d9781a16f3f37864b57a6c455df67a01cd8b6d895dea200189e4530ae5518.js]
[www.crunch.com/training7038]
[www.crunch.com/training7ae9]
[www.crunch.com/es/entrenamiento.html]
[www.crunch.com/training7c8d]
[www.crunch.com/es-cr/entrenamiento.html]
[www.crunch.com/training7038]
[dj7w0h47bhjwk.cloudfront.net/assets/hero--training-1eaa794262b540d093e992ccb6b820b789d735f03ccad75b4802c4042729d736.jpg]
[dj7w0h47bhjwk.cloudfront.net/assets/training/training--one-on-wonderful-new-8ae86704e4424c95631ece70a82f4bb6afab75c3f09ed690e79fe50a52aa6df7.jpg]
[dj7w0h47bhjwk.cloudfront.net/assets/training/training--personal-training-new-8c365f2a163de9bd5d7872ad73b61dbcfa63e906c8944a5a6f672697906b2beb.jpg]
[dj7w0h47bhjwk.cloudfront.net/assets/training/training--small-group-training-new-c747ef070b8395f615285f663a16bc35857aaca76cf2b185ddb3a12835bd8eb0.jpg]
[dj7w0h47bhjwk.cloudfront.net/assets/training/training--nutrition-c8088269d883362353e81afc1f7337a71a6027d446f5ec3459a4317fbb4a2c83.jpg]
[www.crunch.com/training.html]
[www.crunch.com/faq7038]
[www.crunch.com/faq7ae9]
[www.crunch.com/es/preguntas-frecuentes.html]
[www.crunch.com/faq.d27c8d.delayed]
[www.crunch.com/es-cr/preguntas-frecuentes.html]
[www.crunch.com/faq7038]
[dj7w0h47bhjwk.cloudfront.net/assets/hero--faq-1ace9cb38f728b12188302a3662f097f3e50d970509550c128775fb46d44f727.jpg]
[www.crunch.com/contact-us.html]
[www.crunch.com/late-cancel-no-show-fees.html]
[www.crunch.com/faq.html]
[www.crunch.com/careers7038]
[www.crunch.com/careers7ae9]
[www.crunch.com/es/carreras.html]
[www.crunch.com/careers7c8d]
[www.crunch.com/es-cr/carreras.html]
[www.crunch.com/careers7038]
[dj7w0h47bhjwk.cloudfront.net/assets/hero--careers-e74eab15778bed384e86b93f5828a47dbd6c3a43ab0288c7b41bc15ce36b4c46.jpg]
[www.crunch.com/careers.html]
[www.crunch.com/corporate-memberships7038]
[www.crunch.com/corporate-memberships7ae9]
[www.crunch.com/es/membresias-corporativas.html]
[www.crunch.com/corporate-memberships7c8d]
[www.crunch.com/es-cr/membresias-corporativas.html]
[www.crunch.com/corporate-memberships7038]
[dj7w0h47bhjwk.cloudfront.net/assets/hero--corporate-memberships-f4dba308de9f3c7e70ec19fa975462e245bdac593789f183850e1cf7a0a984da.jpg]
[www.crunch.com/corporate-memberships.html]
[www.crunch.com/terms-of-use7038]
[www.crunch.com/terms-of-use7ae9]
[www.crunch.com/es/terminos-de-uso.html]
[www.crunch.com/terms-of-use7c8d]
[www.crunch.com/es-cr/terminos-de-uso.html]
[www.crunch.com/terms-of-use7038]
[dj7w0h47bhjwk.cloudfront.net/assets/hero--legal-d17a69fb4d2c57eaaadf63877e430802d0b59957e0b585c59eec7040af95bac6.jpg]
[www.crunch.com/terms-of-use.html]
[www.crunch.com/privacy-policy7038]
[www.crunch.com/privacy-policy7ae9]
[www.crunch.com/es/politica-de-privacidad.html]
[www.crunch.com/privacy-policy7c8d]
[www.crunch.com/es-cr/politica-de-privacidad.html]
[www.crunch.com/privacy-policy7038]
[www.crunch.com/privacy-policy.html]
[dj7w0h47bhjwk.cloudfront.net/assets/owl.video.play.png]
[dj7w0h47bhjwk.cloudfront.net/assets/2bca32fb-468f-4060-8c61-a17f394cb1d6-900fbe934249ad120004bd24adf66aad8817d89586273c0cc50e187bddebb601.svg]
[dj7w0h47bhjwk.cloudfront.net/assets/656c1288-e1ff-44de-ad5d-de03c2e608f4-900fbe934249ad120004bd24adf66aad8817d89586273c0cc50e187bddebb601.svg]
[dj7w0h47bhjwk.cloudfront.net/assets/Interstate-RegularCondensed-5d49866634458a6a174c1ff065bd8ddb61b43aa3e74be18b2c6f744e6977bab0.svg]
[dj7w0h47bhjwk.cloudfront.net/assets/Interstate-Black-3e8580d66b70891137b7ce1352b7ecffe8d8948424265502598cdf2b611cc48d.svg]
[dj7w0h47bhjwk.cloudfront.net/assets/0fb5ad30-29ea-431c-82dd-a74af0806ba7-900fbe934249ad120004bd24adf66aad8817d89586273c0cc50e187bddebb601.svg]
[dj7w0h47bhjwk.cloudfront.net/assets/735904fd-b40a-4784-b615-3ae74ab3c145-900fbe934249ad120004bd24adf66aad8817d89586273c0cc50e187bddebb601.svg]
[dj7w0h47bhjwk.cloudfront.net/assets/c9fb826e-68fd-419e-bd53-119ad471c4de-900fbe934249ad120004bd24adf66aad8817d89586273c0cc50e187bddebb601.svg]
[dj7w0h47bhjwk.cloudfront.net/assets/icomoon-07164337da4c0fbb4af0fb2b1dfea8e34c21681995e8c93d1da2610bf0e78f13.svg]
[dj7w0h47bhjwk.cloudfront.net/assets/user-4e87d58546efdac5ab22dad4ca22ab53adfb05744534a5bf846cbd0c7843ab87.svg]
[dj7w0h47bhjwk.cloudfront.net/assets/clock-62fc60ecc5af287ec303a35f8580704d33b8f6e7bd00712740269ad115ac36bb.svg]
[dj7w0h47bhjwk.cloudfront.net/assets/border--dot-white-2fa3a05â¦.png]
[www.crunch.com/es/quienes-somos7038]
[www.crunch.com/es/quienes-somos7ae9]
[www.crunch.com/es/quienes-somos7c8d]
[www.crunch.com/es/unete]
[www.crunch.com/es/quienes-somos7038]
[www.crunch.com/es/quienes-somos7ae9]
[www.crunch.com/es/quienes-somos7c8d]
[www.crunch.com/es/unete]
[www.crunch.com/es/unete]
[www.crunch.com/es/unete]
[www.crunch.com/es/quienes-somos.html]
[www.crunch.com/es-cr/quienes-somos7038]
[www.crunch.com/es-cr/quienes-somos7ae9]
[www.crunch.com/es-cr/quienes-somos7c8d]
[www.crunch.com/es-cr/unete]
[www.crunch.com/es-cr/quienes-somos7038]
[www.crunch.com/es-cr/quienes-somos7ae9]
[www.crunch.com/es-cr/quienes-somos7c8d]
[www.crunch.com/es-cr/unete]
[www.crunch.com/es-cr/unete]
[www.crunch.com/es-cr/unete]
[www.crunch.com/es-cr/quienes-somos.html]
[www.crunch.com/'https_/dj7w0h47bhjwk.cloudfront.net/assets/hero--about-07090f76d3b6865185df4290265ef14476401f6f098a0592f60a6092d718b56b.html]
[www.crunch.com/'https_/dj7w0h47bhjwk.cloudfront.net/assets/about/about--why-we-do-what-we-do-0fcc352ee88dd2b5166e2b40ee88768ce42e82acb5aa655bc20c7054836203e5.html]
[www.crunch.com/franchise/contact7038]
[www.crunch.com/franchise/contact7ae9]
[www.crunch.com/es/franquicia/contacto.html]
[www.crunch.com/franchise/contact7c8d]
[www.crunch.com/es-cr/franquicia/contacto.html]
[www.crunch.com/franchise/contact.html]
[js.hsforms.net/forms/v2.js]
[www.crunch.com/franchise/real-estate7038]
[www.crunch.com/franchise/real-estate7ae9]
[www.crunch.com/es/franquicia/bienes-raices.html]
[www.crunch.com/franchise/real-estate7c8d]
[www.crunch.com/es-cr/franquicia/bienes-raices.html]
[www.crunch.com/franchise/real-estate.html]
[www.crunch.com/franchise/news7038]
[www.crunch.com/franchise/news7ae9]
[www.crunch.com/es/franquicia/noticias.html]
[www.crunch.com/franchise/news.1207c8d.delayed]
[www.crunch.com/es-cr/franquicia/noticias.html]
[dj7w0h47bhjwk.cloudfront.net/assets/hero--franchise-news-a62ab9c5ac4cdc6f6f1aa1cfdf57d30b4e711e8b977df2fd68e32a3360886be0.jpg]
[dj7w0h47bhjwk.cloudfront.net/assets/logo_asset-096ba3a0098df2394283536aafd540b95882f395d99d6f9bb72008b4263947a1.jpg]
[dj7w0h47bhjwk.cloudfront.net/store/crunch_logo_orange.jpg_; filename_=UTF-8''crunch_logo_orange.jpg]
[dj7w0h47bhjwk.cloudfront.net/store/2aa7437dc6caba8805434f3afd9564e4.png_; filename_=UTF-8''2aa7437dc6caba8805434f3afd9564e4.png]
[dj7w0h47bhjwk.cloudfront.net/store/CR008CR_2ColorCrunchLogo_Orange.png_; filename_=UTF-8''CR008CR_2ColorCrunchLogo_Orange.png]
[dj7w0h47bhjwk.cloudfront.net/store/CR008CR_2ColorCrunchLogo_Orange.png_; filename_=UTF-8''CR008CR_2ColorCrunchLogo_Orange-2.png]
[dj7w0h47bhjwk.cloudfront.net/store/NBC_News_Now.png_; filename_=UTF-8''NBC_News_Now.png]
[dj7w0h47bhjwk.cloudfront.net/store/Franchise 500.png_; filename_=UTF-8''Franchise%20500.png]
[dj7w0h47bhjwk.cloudfront.net/store/PNG image.png_; filename_=UTF-8''PNG%20image.png]
[dj7w0h47bhjwk.cloudfront.net/store/PNG image.png_; filename_=UTF-8''PNG%20image-2.png]
[dj7w0h47bhjwk.cloudfront.net/store/fox business logo.png_; filename_=UTF-8''fox%20business%20logo.png]
[dj7w0h47bhjwk.cloudfront.net/store/the-wall-street-journal-logo-png-8.png_; filename_=UTF-8''the-wall-street-journal-logo-png-8.png]
[dj7w0h47bhjwk.cloudfront.net/store/fox business logo.png_; filename_=UTF-8''fox%20business%20logo-2.png]
[dj7w0h47bhjwk.cloudfront.net/store/Fox_Business.svg.png_; filename_=UTF-8''Fox_Business.svg.png]
[dj7w0h47bhjwk.cloudfront.net/store/Logo_Bloomberg_Businessweek.jpg_; filename_=UTF-8''Logo_Bloomberg_Businessweek.jpg]
[dj7w0h47bhjwk.cloudfront.net/store/YFi-2019Logo-950x348.png_; filename_=UTF-8''YFi-2019Logo-950x348.png]
[dj7w0h47bhjwk.cloudfront.net/store/5842a629a6515b1e0ad75afa-2.png_; filename_=UTF-8''5842a629a6515b1e0ad75afa-2.png]
[dj7w0h47bhjwk.cloudfront.net/store/club insider.png_; filename_=UTF-8''club%20insider.png]
[dj7w0h47bhjwk.cloudfront.net/store/Bloomberg-logo-.png_; filename_=UTF-8''Bloomberg-logo-.png]
[dj7w0h47bhjwk.cloudfront.net/store/F500 2021.png_; filename_=UTF-8''F500%202021.png]
[dj7w0h47bhjwk.cloudfront.net/store/ceo-forum_logo_trans.png_; filename_=UTF-8''ceo-forum_logo_trans.png]
[dj7w0h47bhjwk.cloudfront.net/store/Fox_Business.svg.png_; filename_=UTF-8''Fox_Business.svg-2.png]
[dj7w0h47bhjwk.cloudfront.net/store/cheddar tv logo.png_; filename_=UTF-8''cheddar%20tv%20logo.png]
[dj7w0h47bhjwk.cloudfront.net/store/logo.jpg.png_; filename_=UTF-8''logo.jpg.png]
[dj7w0h47bhjwk.cloudfront.net/store/250px-Yahoo_Finance_Logo_2013.svg.png]
[dj7w0h47bhjwk.cloudfront.net/store/73347ef3e2b371b4f16e1790229029d8.png]
[dj7w0h47bhjwk.cloudfront.net/store/0be3c202dd5009120d83575cc0087a0a.png]
[dj7w0h47bhjwk.cloudfront.net/store/cfc1f8cbd76136ae2afa2e027dc1a9ad.jpg]
[dj7w0h47bhjwk.cloudfront.net/store/Fox_Business.svg.png_; filename_=UTF-8''Fox_Business.svg-3.png]
[dj7w0h47bhjwk.cloudfront.net/store/f5ffebe1d83569a99d488b958a35e761.png]
[dj7w0h47bhjwk.cloudfront.net/store/1dafc6227897163596f0798c5e7535f2.png]
[dj7w0h47bhjwk.cloudfront.net/store/d0b13f6bd6ce43dbbc2de2e6e6cbb057.jpg]
[dj7w0h47bhjwk.cloudfront.net/store/2a63065f0e2419010f3329282bbfec9f.png]
[dj7w0h47bhjwk.cloudfront.net/store/14416b46d711888d13dbcc6c1a270e56.png]
[dj7w0h47bhjwk.cloudfront.net/store/76047b513a121eb3fd2ccf597eaccebd.jpg]
[dj7w0h47bhjwk.cloudfront.net/store/da1b8ef39c50b2af2092bdec27a0f090.png]
[dj7w0h47bhjwk.cloudfront.net/store/170070c99fad44ddebf2b1336ba0daf9.jpg]
[dj7w0h47bhjwk.cloudfront.net/store/83013993105ae2ba5d1ff23c3933f6ee.jpg]
[dj7w0h47bhjwk.cloudfront.net/store/437d5996a7a8a564c051d71210242236.jpg]
[dj7w0h47bhjwk.cloudfront.net/store/d54db8c9b8746a2c7ebce23aefdb63ae.png]
[dj7w0h47bhjwk.cloudfront.net/store/3651db73215adf24d4c3f696ccba8fdc.jpg]
[dj7w0h47bhjwk.cloudfront.net/store/8140b2d576c3829b6ceb3a9c4e7f24ea.jpg]
[dj7w0h47bhjwk.cloudfront.net/store/9a9bb795b2b80bcde15a71364049f739.jpg]
[dj7w0h47bhjwk.cloudfront.net/store/f79d0a22b50856638ff4a6e356d369ea.jpg]
[dj7w0h47bhjwk.cloudfront.net/store/e46f895793a102ff4d6b336ff5db114b.jpg]
[dj7w0h47bhjwk.cloudfront.net/store/cc6e9b52cb7e1a4f673cd4c56f2069a4.jpg]
[dj7w0h47bhjwk.cloudfront.net/store/2694063e0318efb55777505c779d6ae7.jpg]
[dj7w0h47bhjwk.cloudfront.net/store/8c8300020db4d4c39eea7bfe122882cb.jpg]
[dj7w0h47bhjwk.cloudfront.net/store/4663e2291e2d3fd0ceaba8f60b0ab0a9.jpg]
[dj7w0h47bhjwk.cloudfront.net/store/75750290678a4e7c8e00055862cf0c2c.jpg]
[dj7w0h47bhjwk.cloudfront.net/store/Fox_Business.svg.png_; filename_=UTF-8''Fox_Business.svg-4.png]
[dj7w0h47bhjwk.cloudfront.net/store/57e091e8f4d3c0f29018e1c5bf2ec012.jpg]
[www.crunch.com/franchise/news.html]
[www.crunch.com/franchise/faq.1577038.delayed]
[www.crunch.com/franchise/faq7ae9]
[www.crunch.com/es/franquicia/preguntas-frecuentes.html]
[www.crunch.com/franchise/faq7c8d]
[www.crunch.com/es-cr/franquicia/preguntas-frecuentes.html]
[dj7w0h47bhjwk.cloudfront.net/assets/hero--franchise-faq-ecf7ef3fce553a6a65e2d25dba45e960e8c9ec77693756551dbbb7028a0aad64.jpg]
[www.crunch.com/franchise/faq.html]
[www.crunch.com/es/franquicia7038]
[www.crunch.com/es/franquicia7ae9]
[www.crunch.com/es/franquicia7c8d]
[dj7w0h47bhjwk.cloudfront.net/assets/team-bios/brea_ballard-8ce3fc76fb7601f6515318d16b73eee1d9f343223fe93b5d77fca0d434cb9347.jpg]
[dj7w0h47bhjwk.cloudfront.net/assets/team-bios/Marie_Choi-a6db8f865864b1a760d8ca6dd3e44536fc033d78fbc6e6df55a37f50f36b7137.jpg]
[www.crunch.com/es/franquicia.html]
[www.crunch.com/es-cr/franquicia7038]
[www.crunch.com/es-cr/franquicia7ae9]
[www.crunch.com/es-cr/franquicia7c8d]
[dj7w0h47bhjwk.cloudfront.net/assets/team-bios/krause-d92645e3c8de22579a9cc90c82e47a977af751cff147c74b6e3ab683c8deeaf0.jpg]
[www.crunch.com/es-cr/franquicia.html]
[www.crunch.com/es7038]
[www.crunch.com/es7ae9]
[www.crunch.com/es7c8d]
[www.crunch.com/es/unete]
[www.crunch.com/es7038]
[www.crunch.com/es7ae9]
[www.crunch.com/es7c8d]
[www.crunch.com/es/unete]
[www.crunch.com/es/unete]
[www.crunch.com/es.html]
[www.crunch.com/es-cr7038]
[www.crunch.com/es-cr7ae9]
[www.crunch.com/es-cr7c8d]
[www.crunch.com/es-cr/unete]
[www.crunch.com/es-cr7038]
[www.crunch.com/es-cr7ae9]
[www.crunch.com/es-cr7c8d]
[www.crunch.com/es-cr/unete]
[www.crunch.com/es-cr/unete]
[www.crunch.com/es-cr.html]
[www.crunch.com/es/ubicaciones7038]
[www.crunch.com/es/ubicaciones7ae9]
[www.crunch.com/es/ubicaciones7c8d]
[www.crunch.com/es/unete]
[www.crunch.com/es/ubicaciones7038]
[www.crunch.com/es/ubicaciones7ae9]
[www.crunch.com/es/ubicaciones7c8d]
[www.crunch.com/es/unete]
[www.crunch.com/es/unete]
[www.crunch.com/es/ubicaciones.html]
[www.crunch.com/es-cr/locales7038]
[www.crunch.com/es-cr/locales7ae9]
[www.crunch.com/es-cr/locales7c8d]
[www.crunch.com/es-cr/unete]
[www.crunch.com/es-cr/locales7038]
[www.crunch.com/es-cr/locales7ae9]
[www.crunch.com/es-cr/locales7c8d]
[www.crunch.com/es-cr/unete]
[www.crunch.com/es-cr/unete]
[www.crunch.com/es-cr/locales.html]
[www.crunch.com/es/clases7038]
[www.crunch.com/es/clases7ae9]
[www.crunch.com/es/clases7c8d]
[www.crunch.com/es/unete]
[www.crunch.com/es/clases7038]
[www.crunch.com/es/clases7ae9]
[www.crunch.com/es/clases7c8d]
[www.crunch.com/es/unete]
[www.crunch.com/es/unete]
[www.crunch.com/es/clases.html]
[www.crunch.com/es-cr/clases7038]
[www.crunch.com/es-cr/clases7ae9]
[www.crunch.com/es-cr/clases7c8d]
[www.crunch.com/es-cr/unete]
[www.crunch.com/es-cr/clases7038]
[www.crunch.com/es-cr/clases7ae9]
[www.crunch.com/es-cr/clases7c8d]
[www.crunch.com/es-cr/unete]
[www.crunch.com/es-cr/unete]
[www.crunch.com/es-cr/clases.html]
[www.crunch.com/es/entrenamiento7038]
[www.crunch.com/es/entrenamiento7ae9]
[www.crunch.com/es/entrenamiento7c8d]
[www.crunch.com/es/unete]
[www.crunch.com/es/entrenamiento7038]
[www.crunch.com/es/entrenamiento7ae9]
[www.crunch.com/es/entrenamiento7c8d]
[www.crunch.com/es/unete]
[www.crunch.com/es/unete]
[www.crunch.com/es/entrenamiento.html]
[www.crunch.com/es-cr/entrenamiento7038]
[www.crunch.com/es-cr/entrenamiento7ae9]
[www.crunch.com/es-cr/entrenamiento7c8d]
[www.crunch.com/es-cr/unete]
[www.crunch.com/es-cr/entrenamiento7038]
[www.crunch.com/es-cr/entrenamiento7ae9]
[www.crunch.com/es-cr/entrenamiento7c8d]
[www.crunch.com/es-cr/unete]
[www.crunch.com/es-cr/unete]
[www.crunch.com/es-cr/entrenamiento.html]
[www.crunch.com/'https_/dj7w0h47bhjwk.cloudfront.net/assets/hero--training-1eaa794262b540d093e992ccb6b820b789d735f03ccad75b4802c4042729d736.html]
[www.crunch.com/'https_/dj7w0h47bhjwk.cloudfront.net/assets/training/training--one-on-wonderful-new-8ae86704e4424c95631ece70a82f4bb6afab75c3f09ed690e79fe50a52aa6df7.html]
[www.crunch.com/'https_/dj7w0h47bhjwk.cloudfront.net/assets/training/training--personal-training-new-8c365f2a163de9bd5d7872ad73b61dbcfa63e906c8944a5a6f672697906b2beb.html]
[www.crunch.com/'https_/dj7w0h47bhjwk.cloudfront.net/assets/training/training--small-group-training-new-c747ef070b8395f615285f663a16bc35857aaca76cf2b185ddb3a12835bd8eb0.html]
[www.crunch.com/'https_/dj7w0h47bhjwk.cloudfront.net/assets/training/training--nutrition-c8088269d883362353e81afc1f7337a71a6027d446f5ec3459a4317fbb4a2c83.html]
[www.crunch.com/es/preguntas-frecuentes.1b97038.delayed]
[www.crunch.com/es/preguntas-frecuentes7ae9]
[www.crunch.com/es/preguntas-frecuentes7c8d]
[www.crunch.com/es/unete]
[www.crunch.com/es/preguntas-frecuentes7ae9]
[www.crunch.com/es/preguntas-frecuentes7c8d]
[www.crunch.com/es/unete]
[www.crunch.com/es/unete]
[www.crunch.com/es/unete]
[www.crunch.com/es/late-cancel-no-show-fees.html]
[www.crunch.com/es/preguntas-frecuentes.html]
[www.crunch.com/es-cr/preguntas-frecuentes7038]
[www.crunch.com/es-cr/preguntas-frecuentes7ae9]
[www.crunch.com/es-cr/preguntas-frecuentes7c8d]
[www.crunch.com/es-cr/unete]
[www.crunch.com/es-cr/preguntas-frecuentes7038]
[www.crunch.com/es-cr/preguntas-frecuentes7ae9]
[www.crunch.com/es-cr/preguntas-frecuentes7c8d]
[www.crunch.com/es-cr/unete]
[www.crunch.com/es-cr/unete]
[www.crunch.com/es-cr/unete]
[www.crunch.com/es-cr/late-cancel-no-show-fees.html]
[www.crunch.com/es-cr/preguntas-frecuentes.html]
[www.crunch.com/'https_/dj7w0h47bhjwk.cloudfront.net/assets/hero--faq-1ace9cb38f728b12188302a3662f097f3e50d970509550c128775fb46d44f727.html]
[www.crunch.com/contact-us7038]
[www.crunch.com/contact-us7ae9]
[www.crunch.com/es/contactanos.html]
[www.crunch.com/contact-us7c8d]
[www.crunch.com/es-cr/contactanos.html]
[www.crunch.com/contact-us7038]
[www.crunch.com/contact-us.html]
[dj7w0h47bhjwk.cloudfront.net/assets/hero--contact-banner-5118bcdfcf6da296bc46dcb49c43a141d97c70ba983783f8be69ea32b97bd596.jpg]
[www.crunch.com/late-cancel-no-show-fees7038]
[www.crunch.com/late-cancel-no-show-fees7ae9]
[www.crunch.com/late-cancel-no-show-fees7c8d]
[www.crunch.com/late-cancel-no-show-fees7038]
[www.crunch.com/late-cancel-no-show-fees7ae9]
[www.crunch.com/late-cancel-no-show-fees7c8d]
[www.crunch.com/late-cancel-no-show-fees.html]
[www.crunch.com/es/carreras7038]
[www.crunch.com/es/carreras7ae9]
[www.crunch.com/es/carreras7c8d]
[www.crunch.com/es/unete]
[www.crunch.com/es/carreras7038]
[www.crunch.com/es/carreras7ae9]
[www.crunch.com/es/carreras7c8d]
[www.crunch.com/es/unete]
[www.crunch.com/es/unete]
[www.crunch.com/es/carreras.html]
[www.crunch.com/es-cr/carreras7038]
[www.crunch.com/es-cr/carreras7ae9]
[www.crunch.com/es-cr/carreras7c8d]
[www.crunch.com/es-cr/unete]
[www.crunch.com/es-cr/carreras7038]
[www.crunch.com/es-cr/carreras7ae9]
[www.crunch.com/es-cr/carreras7c8d]
[www.crunch.com/es-cr/unete]
[www.crunch.com/es-cr/unete]
[www.crunch.com/es-cr/carreras.html]
[www.crunch.com/'https_/dj7w0h47bhjwk.cloudfront.net/assets/hero--careers-e74eab15778bed384e86b93f5828a47dbd6c3a43ab0288c7b41bc15ce36b4c46.html]
[www.crunch.com/es/membresias-corporativas7038]
[www.crunch.com/es/membresias-corporativas7ae9]
[www.crunch.com/es/membresias-corporativas7c8d]
[www.crunch.com/es/unete]
[www.crunch.com/es/membresias-corporativas7038]
[www.crunch.com/es/membresias-corporativas7ae9]
[www.crunch.com/es/membresias-corporativas7c8d]
[www.crunch.com/es/unete]
[www.crunch.com/es/unete]
[www.crunch.com/es/membresias-corporativas.html]
[www.crunch.com/es-cr/membresias-corporativas7038]
[www.crunch.com/es-cr/membresias-corporativas7ae9]
[www.crunch.com/es-cr/membresias-corporativas7c8d]
[www.crunch.com/es-cr/unete]
[www.crunch.com/es-cr/membresias-corporativas7038]
[www.crunch.com/es-cr/membresias-corporativas7ae9]
[www.crunch.com/es-cr/membresias-corporativas7c8d]
[www.crunch.com/es-cr/unete]
[www.crunch.com/es-cr/unete]
[www.crunch.com/es-cr/membresias-corporativas.html]
[www.crunch.com/'https_/dj7w0h47bhjwk.cloudfront.net/assets/hero--corporate-memberships-f4dba308de9f3c7e70ec19fa975462e245bdac593789f183850e1cf7a0a984da.html]
[www.crunch.com/es/terminos-de-uso7038]
[www.crunch.com/es/terminos-de-uso7ae9]
[www.crunch.com/es/terminos-de-uso7c8d]
[www.crunch.com/es/unete]
[www.crunch.com/es/terminos-de-uso7038]
[www.crunch.com/es/terminos-de-uso7ae9]
[www.crunch.com/es/terminos-de-uso7c8d]
[www.crunch.com/es/unete]
[www.crunch.com/es/unete]
[www.crunch.com/es/terminos-de-uso.html]
[www.crunch.com/es-cr/terminos-de-uso7038]
[www.crunch.com/es-cr/terminos-de-uso7ae9]
[www.crunch.com/es-cr/terminos-de-uso7c8d]
[www.crunch.com/es-cr/unete]
[www.crunch.com/es-cr/terminos-de-uso7038]
[www.crunch.com/es-cr/terminos-de-uso7ae9]
[www.crunch.com/es-cr/terminos-de-uso7c8d]
[www.crunch.com/es-cr/unete]
[www.crunch.com/es-cr/unete]
[www.crunch.com/es-cr/terminos-de-uso.html]
[www.crunch.com/'https_/dj7w0h47bhjwk.cloudfront.net/assets/hero--legal-d17a69fb4d2c57eaaadf63877e430802d0b59957e0b585c59eec7040af95bac6.html]
[www.crunch.com/es/politica-de-privacidad7038]
[www.crunch.com/es/politica-de-privacidad7ae9]
[www.crunch.com/es/politica-de-privacidad7c8d]
[www.crunch.com/es/unete]
[www.crunch.com/es/politica-de-privacidad7038]
[www.crunch.com/es/politica-de-privacidad7ae9]
[www.crunch.com/es/politica-de-privacidad7c8d]
[www.crunch.com/es/unete]
[www.crunch.com/es/unete]
[www.crunch.com/es/politica-de-privacidad.html]
[www.crunch.com/es-cr/politica-de-privacidad7038]
[www.crunch.com/es-cr/politica-de-privacidad7ae9]
[www.crunch.com/es-cr/politica-de-privacidad7c8d]
[www.crunch.com/es-cr/unete]
[www.crunch.com/es-cr/politica-de-privacidad7038]
[www.crunch.com/es-cr/politica-de-privacidad7ae9]
[www.crunch.com/es-cr/politica-de-privacidad7c8d]
[www.crunch.com/es-cr/unete]
[www.crunch.com/es-cr/unete]
[www.crunch.com/es-cr/politica-de-privacidad.html]
[www.crunch.com/es/'https_/dj7w0h47bhjwk.cloudfront.net/assets/hero--about-07090f76d3b6865185df4290265ef14476401f6f098a0592f60a6092d718b56b.html]
[www.crunch.com/es/'https_/dj7w0h47bhjwk.cloudfront.net/assets/about/about--why-we-do-what-we-do-0fcc352ee88dd2b5166e2b40ee88768ce42e82acb5aa655bc20c7054836203e5.html]
[www.crunch.com/es-cr/'https_/dj7w0h47bhjwk.cloudfront.net/assets/hero--about-07090f76d3b6865185df4290265ef14476401f6f098a0592f60a6092d718b56b.html]
[www.crunch.com/es-cr/'https_/dj7w0h47bhjwk.cloudfront.net/assets/about/about--why-we-do-what-we-do-0fcc352ee88dd2b5166e2b40ee88768ce42e82acb5aa655bc20c7054836203e5.html]
[www.crunch.com/es/franquicia/contacto7038]
[www.crunch.com/es/franquicia/contacto7ae9]
[www.crunch.com/es/franquicia/contacto7c8d]
[www.crunch.com/es/franquicia/contacto.html]
[www.crunch.com/es-cr/franquicia/contacto7038]
[www.crunch.com/es-cr/franquicia/contacto7ae9]
[www.crunch.com/es-cr/franquicia/contacto7c8d]
[www.crunch.com/es-cr/franquicia/contacto.html]
[www.crunch.com/franchise/'https_/dj7w0h47bhjwk.cloudfront.net/assets/hero--contact-franchise2-7bc34a79cf40aa298134ced88871700087672d9eccc14199a9ddb2ce2c47b652.html]
[www.crunch.com/es/franquicia/bienes-raices7038]
[www.crunch.com/es/franquicia/bienes-raices7ae9]
[www.crunch.com/es/franquicia/bienes-raices7c8d]
[www.crunch.com/es/franquicia/bienes-raices.html]
[www.crunch.com/es-cr/franquicia/bienes-raices7038]
[www.crunch.com/es-cr/franquicia/bienes-raices7ae9]
[www.crunch.com/es-cr/franquicia/bienes-raices7c8d]
[www.crunch.com/es-cr/franquicia/bienes-raices.html]
[www.crunch.com/franchise/'https_/dj7w0h47bhjwk.cloudfront.net/assets/hero--real-estate-franchise2-f71a7240af79eff72341bbcbd049d6f88f28726a768f029e9528dff25db6096d.html]
[www.crunch.com/es/franquicia/noticias.23d7038.delayed]
[www.crunch.com/es/franquicia/noticias7ae9]
[www.crunch.com/es/franquicia/noticias7c8d]
[www.crunch.com/es/franquicia/noticias.html]
[www.crunch.com/es-cr/franquicia/noticias7038]
[www.crunch.com/es-cr/franquicia/noticias7ae9]
[www.crunch.com/es-cr/franquicia/noticias7c8d]
[www.crunch.com/es-cr/franquicia/noticias.html]
[www.crunch.com/franchise/'https_/dj7w0h47bhjwk.cloudfront.net/assets/hero--franchise-news-a62ab9c5ac4cdc6f6f1aa1cfdf57d30b4e711e8b977df2fd68e32a3360886be0.html]
[www.crunch.com/es/franquicia/preguntas-frecuentes7038]
[www.crunch.com/es/franquicia/preguntas-frecuentes7ae9]
[www.crunch.com/es/franquicia/preguntas-frecuentes7c8d]
[www.crunch.com/es/franquicia/preguntas-frecuentes.html]
[www.crunch.com/es-cr/franquicia/preguntas-frecuentes7038]
[www.crunch.com/es-cr/franquicia/preguntas-frecuentes7ae9]
[www.crunch.com/es-cr/franquicia/preguntas-frecuentes7c8d]
[www.crunch.com/es-cr/franquicia/preguntas-frecuentes.html]
[www.crunch.com/franchise/'https_/dj7w0h47bhjwk.cloudfront.net/assets/hero--franchise-faq-ecf7ef3fce553a6a65e2d25dba45e960e8c9ec77693756551dbbb7028a0aad64.html]
[www.crunch.com/es/'https_/dj7w0h47bhjwk.cloudfront.net/assets/hero--training-1eaa794262b540d093e992ccb6b820b789d735f03ccad75b4802c4042729d736.html]
[www.crunch.com/es/'https_/dj7w0h47bhjwk.cloudfront.net/assets/training/training--one-on-wonderful-new-8ae86704e4424c95631ece70a82f4bb6afab75c3f09ed690e79fe50a52aa6df7.html]
[www.crunch.com/es/'https_/dj7w0h47bhjwk.cloudfront.net/assets/training/training--personal-training-new-8c365f2a163de9bd5d7872ad73b61dbcfa63e906c8944a5a6f672697906b2beb.html]
[www.crunch.com/es/'https_/dj7w0h47bhjwk.cloudfront.net/assets/training/training--small-group-training-new-c747ef070b8395f615285f663a16bc35857aaca76cf2b185ddb3a12835bd8eb0.1a9.delay]
[www.crunch.com/es/'https_/dj7w0h47bhjwk.cloudfront.net/assets/training/training--nutrition-c8088269d883362353e81afc1f7337a71a6027d446f5ec3459a4317fbb4a2c83.html]
[www.crunch.com/es-cr/'https_/dj7w0h47bhjwk.cloudfront.net/assets/hero--training-1eaa794262b540d093e992ccb6b820b789d735f03ccad75b4802c4042729d736.html]
[www.crunch.com/es-cr/'https_/dj7w0h47bhjwk.cloudfront.net/assets/training/training--one-on-wonderful-new-8ae86704e4424c95631ece70a82f4bb6afab75c3f09ed690e79fe50a52aa6df7.1b5.delaye]
[www.crunch.com/es-cr/'https_/dj7w0h47bhjwk.cloudfront.net/assets/training/training--personal-training-new-8c365f2a163de9bd5d7872ad73b61dbcfa63e906c8944a5a6f672697906b2beb.1b6.delay]
[www.crunch.com/es-cr/'https_/dj7w0h47bhjwk.cloudfront.net/assets/training/training--small-group-training-new-c747ef070b8395f615285f663a16bc35857aaca76cf2b185ddb3a12835bd8eb0.1b7.de]
[www.crunch.com/es-cr/'https_/dj7w0h47bhjwk.cloudfront.net/assets/training/training--nutrition-c8088269d883362353e81afc1f7337a71a6027d446f5ec3459a4317fbb4a2c83.html]
[www.crunch.com/es/'https_/dj7w0h47bhjwk.cloudfront.net/assets/hero--faq-1ace9cb38f728b12188302a3662f097f3e50d970509550c128775fb46d44f727.html]
[www.crunch.com/es/late-cancel-no-show-fees7038]
[www.crunch.com/es/late-cancel-no-show-fees7ae9]
[www.crunch.com/es/late-cancel-no-show-fees7c8d]
[www.crunch.com/es/unete]
[www.crunch.com/es/late-cancel-no-show-fees7038]
[www.crunch.com/es/late-cancel-no-show-fees7ae9]
[www.crunch.com/es/late-cancel-no-show-fees7c8d]
[www.crunch.com/es/unete]
[www.crunch.com/es/unete]
[www.crunch.com/es/late-cancel-no-show-fees.html]
[www.crunch.com/es-cr/'https_/dj7w0h47bhjwk.cloudfront.net/assets/hero--faq-1ace9cb38f728b12188302a3662f097f3e50d970509550c128775fb46d44f727.html]
[www.crunch.com/es-cr/late-cancel-no-show-fees7038]
[www.crunch.com/es-cr/late-cancel-no-show-fees7ae9]
[www.crunch.com/es-cr/late-cancel-no-show-fees7c8d]
[www.crunch.com/es-cr/unete]
[www.crunch.com/es-cr/late-cancel-no-show-fees7038]
[www.crunch.com/es-cr/late-cancel-no-show-fees7ae9]
[www.crunch.com/es-cr/late-cancel-no-show-fees7c8d]
[www.crunch.com/es-cr/unete]
[www.crunch.com/es-cr/unete]
[www.crunch.com/es-cr/late-cancel-no-show-fees.html]
[www.crunch.com/es/contactanos7038]
[www.crunch.com/es/contactanos7ae9]
[www.crunch.com/es/contactanos7c8d]
[www.crunch.com/es/unete]
[www.crunch.com/es/contactanos7038]
[www.crunch.com/es/contactanos7ae9]
[www.crunch.com/es/contactanos7c8d]
[www.crunch.com/es/unete]
[www.crunch.com/es/unete]
[www.crunch.com/es/contactanos.html]
[www.crunch.com/es-cr/contactanos7038]
[www.crunch.com/es-cr/contactanos7ae9]
[www.crunch.com/es-cr/contactanos7c8d]
[www.crunch.com/es-cr/unete]
[www.crunch.com/es-cr/contactanos7038]
[www.crunch.com/es-cr/contactanos7ae9]
[www.crunch.com/es-cr/contactanos7c8d]
[www.crunch.com/es-cr/unete]
[www.crunch.com/es-cr/unete]
[www.crunch.com/es-cr/contactanos.html]
[www.crunch.com/'https_/dj7w0h47bhjwk.cloudfront.net/assets/hero--contact-banner-5118bcdfcf6da296bc46dcb49c43a141d97c70ba983783f8be69ea32b97bd596.html]
[www.crunch.com/es/'https_/dj7w0h47bhjwk.cloudfront.net/assets/hero--careers-e74eab15778bed384e86b93f5828a47dbd6c3a43ab0288c7b41bc15ce36b4c46.html]
[www.crunch.com/es-cr/'https_/dj7w0h47bhjwk.cloudfront.net/assets/hero--careers-e74eab15778bed384e86b93f5828a47dbd6c3a43ab0288c7b41bc15ce36b4c46.html]
[www.crunch.com/es/'https_/dj7w0h47bhjwk.cloudfront.net/assets/hero--corporate-memberships-f4dba308de9f3c7e70ec19fa975462e245bdac593789f183850e1cf7a0a984da.html]
[www.crunch.com/es-cr/'https_/dj7w0h47bhjwk.cloudfront.net/assets/hero--corporate-memberships-f4dba308de9f3c7e70ec19fa975462e245bdac593789f183850e1cf7a0a984da.html]
[www.crunch.com/es/'https_/dj7w0h47bhjwk.cloudfront.net/assets/hero--legal-d17a69fb4d2c57eaaadf63877e430802d0b59957e0b585c59eec7040af95bac6.html]
[www.crunch.com/es-cr/'https_/dj7w0h47bhjwk.cloudfront.net/assets/hero--legal-d17a69fb4d2c57eaaadf63877e430802d0b59957e0b585c59eec7040af95bac6.html]
[www.crunch.com/es/franquicia/'https_/dj7w0h47bhjwk.cloudfront.net/assets/hero--contact-franchise2-7bc34a79cf40aa298134ced88871700087672d9eccc14199a9ddb2ce2c47b652.html]
[www.crunch.com/es-cr/franquicia/'https_/dj7w0h47bhjwk.cloudfront.net/assets/hero--contact-franchise2-7bc34a79cf40aa298134ced88871700087672d9eccc14199a9ddb2ce2c47b652.html]
[www.crunch.com/es/franquicia/'https_/dj7w0h47bhjwk.cloudfront.net/assets/hero--real-estate-franchise2-f71a7240af79eff72341bbcbd049d6f88f28726a768f029e9528dff25db6096d.html]
[www.crunch.com/es-cr/franquicia/'https_/dj7w0h47bhjwk.cloudfront.net/assets/hero--real-estate-franchise2-f71a7240af79eff72341bbcbd049d6f88f28726a768f029e9528dff25db6096d.23c.delaye]
[www.crunch.com/es/franquicia/'https_/dj7w0h47bhjwk.cloudfront.net/assets/hero--franchise-news-a62ab9c5ac4cdc6f6f1aa1cfdf57d30b4e711e8b977df2fd68e32a3360886be0.html]
[www.crunch.com/es-cr/franquicia/'https_/dj7w0h47bhjwk.cloudfront.net/assets/hero--franchise-news-a62ab9c5ac4cdc6f6f1aa1cfdf57d30b4e711e8b977df2fd68e32a3360886be0.html]
[www.crunch.com/es/franquicia/'https_/dj7w0h47bhjwk.cloudfront.net/assets/hero--franchise-faq-ecf7ef3fce553a6a65e2d25dba45e960e8c9ec77693756551dbbb7028a0aad64.html]
[www.crunch.com/es-cr/franquicia/'https_/dj7w0h47bhjwk.cloudfront.net/assets/hero--franchise-faq-ecf7ef3fce553a6a65e2d25dba45e960e8c9ec77693756551dbbb7028a0aad64.html]
[www.crunch.com/es/'https_/dj7w0h47bhjwk.cloudfront.net/assets/hero--contact-banner-5118bcdfcf6da296bc46dcb49c43a141d97c70ba983783f8be69ea32b97bd596.html]
[www.crunch.com/es-cr/'https_/dj7w0h47bhjwk.cloudfront.net/assets/hero--contact-banner-5118bcdfcf6da296bc46dcb49c43a141d97c70ba983783f8be69ea32b97bd596.html]
